[     281ms] [INFO] %cDownload the React DevTools for a better development experience: https://reactjs.org/link/react-devtools font-weight:bold @ https://popcard-reskin-sit.popclub.co.in/assets/index-ByreUzSI.js:202
[     351ms] [LOG] # @ https://popcard-reskin-sit.popclub.co.in/assets/index-ByreUzSI.js:531
[     358ms] [WARNING] ⚠️ React Router Future Flag Warning: React Router will begin wrapping state updates in `React.startTransition` in v7. You can use the `v7_startTransition` future flag to opt-in early. For more information, see https://reactrouter.com/v6/upgrading/future#v7_starttransition. @ https://popcard-reskin-sit.popclub.co.in/assets/index-ByreUzSI.js:223
[     358ms] [WARNING] ⚠️ React Router Future Flag Warning: Relative route resolution within Splat routes is changing in v7. You can use the `v7_relativeSplatPath` future flag to opt-in early. For more information, see https://reactrouter.com/v6/upgrading/future#v7_relativesplatpath. @ https://popcard-reskin-sit.popclub.co.in/assets/index-ByreUzSI.js:223
[     359ms] [LOG] Facebook Pixel Initialized @ https://popcard-reskin-sit.popclub.co.in/assets/index-ByreUzSI.js:546
[  209201ms] [WARNING] [Meta Pixel] - You are sending a non-standard event 'Add to cart'. The preferred way to send these events is using trackCustom. See 'https://developers.facebook.com/docs/ads-for-websites/pixel-events/#events' for more information. @ https://connect.facebook.net/en_US/fbevents.js:183
[  348516ms] [ERROR] Failed to load resource: net::ERR_HTTP2_PROTOCOL_ERROR @ https://www.facebook.com/tr/?id=1152500253137960&ev=PageView&dl=https%3A%2F%2Fpopcard-reskin-sit.popclub.co.in&rl=&if=false&ts=1781800179518&iw=false&sw=1512&sh=982&v=2.9.338&r=stable&ec=4&o=4124&aems=0%3B0&fbp=fb.2.1781781647295.380290403489641855&eid=ob3_plugin-set_003598c42844908ecbd6a93aedd864dc1a32b0e0870d74daa7e91f52e47072e6&cs_est=true&pm=1&hrl=6d127d&ler=empty&cdl=API_unavailable&plt=292.60000002384186&ups[pv]=%7B%7D&ups[rpv]=%7B%7D&it=1781800179516&coo=false&cs_cc=1&cas=25035458499437401&dlc=1&cf=1&expv2[0]=pl1&expv2[1]=el2&expv2[2]=bc1&expv2[3]=ra0&expv2[4]=rp0&expv2[5]=ct3&expv2[6]=hf1&rqm=GET:0
[  384523ms] [ERROR] Failed to load resource: net::ERR_HTTP2_PROTOCOL_ERROR @ https://www.facebook.com/tr/?id=1152500253137960&ev=PageView&dl=https%3A%2F%2Fpopcard-reskin-sit.popclub.co.in&rl=&if=false&ts=1781800215570&iw=false&sw=1512&sh=982&v=2.9.338&r=stable&ec=5&o=4124&aems=0%3B0&fbp=fb.2.1781781647295.380290403489641855&eid=ob3_plugin-set_e8a6f851b5aa55e66b92257ffdf3904949c0001c2e345ba0dc477b92d75dc012&cs_est=true&pm=1&hrl=12822c&ler=empty&cdl=API_unavailable&plt=292.60000002384186&ups[pv]=%7B%7D&ups[rpv]=%7B%7D&it=1781800215569&coo=false&cs_cc=1&cas=25035458499437401&dlc=1&cf=1&expv2[0]=pl1&expv2[1]=el3&expv2[2]=bc1&expv2[3]=ra0&expv2[4]=rp0&expv2[5]=ct3&expv2[6]=hf1&rqm=GET:0
[  451528ms] [WARNING] As of March 1st, 2025, google.maps.places.AutocompleteService is not available to new customers. Please use google.maps.places.AutocompleteSuggestion instead. At this time, google.maps.places.AutocompleteService is not scheduled to be discontinued, but google.maps.places.AutocompleteSuggestion is recommended over google.maps.places.AutocompleteService. While google.maps.places.AutocompleteService will continue to receive bug fixes for any major regressions, existing bugs in google.maps.places.AutocompleteService will not be addressed. At least 12 months notice will be given before support is discontinued. Please see https://developers.google.com/maps/legacy for additional details and https://developers.google.com/maps/documentation/javascript/places-migration-overview for the migration guide. @ https://maps.googleapis.com/maps-api-v3/api/js/65/5e/places.js:82
[  477142ms] [WARNING] As of March 1st, 2025, google.maps.places.PlacesService is not available to new customers. Please use google.maps.places.Place instead. At this time, google.maps.places.PlacesService is not scheduled to be discontinued, but google.maps.places.Place is recommended over google.maps.places.PlacesService. While google.maps.places.PlacesService will continue to receive bug fixes for any major regressions, existing bugs in google.maps.places.PlacesService will not be addressed. At least 12 months notice will be given before support is discontinued. Please see https://developers.google.com/maps/legacy for additional details and https://developers.google.com/maps/documentation/javascript/places-migration-overview for the migration guide. @ https://maps.googleapis.com/maps-api-v3/api/js/65/5e/places.js:689
[  579739ms] [WARNING] [Meta Pixel] - Pixel 2144083786367733 not found @ https://connect.facebook.net/en_US/fbevents.js:183
[  644794ms] [ERROR] Failed to load resource: the server responded with a status of 404 (Not Found) @ https://consent-sandbox.yesuat.bank.in/api/themes/671266e7dce078001823608b/faviconUrl:0
[ 1369282ms] [ERROR] Failed to load resource: the server responded with a status of 401 (Unauthorized) @ https://consent-sandbox.yesuat.bank.in/api/executeapis:0
[ 1369284ms] [ERROR] Backend returned code 401, body was: {"error":{"statusCode":401,"name":"UnauthorizedError","message":"Authorization invalid"}} @ https://consent-sandbox.yesuat.bank.in/main.51bf004e2434f94b.js:0
[ 1370370ms] [ERROR] Failed to load resource: the server responded with a status of 401 (Unauthorized) @ https://consent-sandbox.yesuat.bank.in/api/flows/688b49bff582712ca0c5aa62/getNextPage:0
[ 1370371ms] [LOG] he @ https://consent-sandbox.yesuat.bank.in/main.51bf004e2434f94b.js:0
[ 1375319ms] [ERROR] Failed to load resource: the server responded with a status of 401 (Unauthorized) @ https://consent-sandbox.yesuat.bank.in/api/executeapis:0
[ 1375320ms] [ERROR] Backend returned code 401, body was: {"error":{"statusCode":401,"name":"UnauthorizedError","message":"Authorization invalid"}} @ https://consent-sandbox.yesuat.bank.in/main.51bf004e2434f94b.js:0
[ 1376187ms] [ERROR] Failed to load resource: the server responded with a status of 401 (Unauthorized) @ https://consent-sandbox.yesuat.bank.in/api/flows/688b49bff582712ca0c5aa62/getNextPage:0
[ 1376187ms] [LOG] he @ https://consent-sandbox.yesuat.bank.in/main.51bf004e2434f94b.js:0
[ 1377686ms] [ERROR] Failed to load resource: the server responded with a status of 401 (Unauthorized) @ https://consent-sandbox.yesuat.bank.in/api/executeapis:0
[ 1377687ms] [ERROR] Backend returned code 401, body was: {"error":{"statusCode":401,"name":"UnauthorizedError","message":"Authorization invalid"}} @ https://consent-sandbox.yesuat.bank.in/main.51bf004e2434f94b.js:0
[ 1444386ms] [ERROR] Failed to load resource: the server responded with a status of 401 (Unauthorized) @ https://consent-sandbox.yesuat.bank.in/api/executeapis:0
[ 1444386ms] [ERROR] Backend returned code 401, body was: {"error":{"statusCode":401,"name":"UnauthorizedError","message":"Authorization invalid"}} @ https://consent-sandbox.yesuat.bank.in/main.51bf004e2434f94b.js:0
[ 1450967ms] [ERROR] Failed to load resource: the server responded with a status of 401 (Unauthorized) @ https://consent-sandbox.yesuat.bank.in/api/applications/6620e0cd6547240011ceced0/flows/688b49bff582712ca0c5aa62:0
[ 1450968ms] [ERROR] Error fetching flow data: he @ https://consent-sandbox.yesuat.bank.in/main.51bf004e2434f94b.js:0
[ 1451054ms] [ERROR] Failed to load resource: the server responded with a status of 401 (Unauthorized) @ https://consent-sandbox.yesuat.bank.in/api/applications/pages/68909ec1f582714013c5cd22?lastVisited=true&uid=6a341e608f64cf553b0aa4bf&flow=mainflow:0
[ 1451054ms] [LOG] he @ https://consent-sandbox.yesuat.bank.in/main.51bf004e2434f94b.js:0
[ 1454971ms] [ERROR] ERROR TypeError: Cannot read properties of undefined (reading 'id')
    at n.events (https://consent-sandbox.yesuat.bank.in/main.51bf004e2434f94b.js:1:37640)
    at n.unloadNotification1 (https://consent-sandbox.yesuat.bank.in/main.51bf004e2434f94b.js:1:120792)
    at https://consent-sandbox.yesuat.bank.in/main.51bf004e2434f94b.js:1:121967
    at Ye (https://consent-sandbox.yesuat.bank.in/main.51bf004e2434f94b.js:1:4775004)
    at G (https://consent-sandbox.yesuat.bank.in/main.51bf004e2434f94b.js:1:4775174)
    at https://consent-sandbox.yesuat.bank.in/main.51bf004e2434f94b.js:1:4873796
    at T.invokeTask (https://consent-sandbox.yesuat.bank.in/polyfills.e1f154fd0d055e3d.js:1:7203)
    at Object.onInvokeTask (https://consent-sandbox.yesuat.bank.in/main.51bf004e2434f94b.js:1:4804394)
    at T.invokeTask (https://consent-sandbox.yesuat.bank.in/polyfills.e1f154fd0d055e3d.js:1:7124)
    at I.runTask (https://consent-sandbox.yesuat.bank.in/polyfills.e1f154fd0d055e3d.js:1:2598) @ https://consent-sandbox.yesuat.bank.in/main.51bf004e2434f94b.js:0
